Copyright 1986-2016 Xilinx, Inc. All Rights Reserved.
------------------------------------------------------------------------------------
| Tool Version : Vivado v.2016.1 (win64) Build 1538259 Fri Apr  8 15:45:27 MDT 2016
| Date         : Tue May 31 19:21:27 2016
| Host         : Calvin-PC running 64-bit major release  (build 9200)
| Command      : report_control_sets -verbose -file clock_control_sets_placed.rpt
| Design       : clock
| Device       : xc7a35t
------------------------------------------------------------------------------------

Control Set Information

Table of Contents
-----------------
1. Summary
2. Flip-Flop Distribution
3. Detailed Control Set Information

1. Summary
----------

+----------------------------------------------------------+-------+
|                          Status                          | Count |
+----------------------------------------------------------+-------+
| Number of unique control sets                            |    76 |
| Unused register locations in slices containing registers |   428 |
+----------------------------------------------------------+-------+


2. Flip-Flop Distribution
-------------------------

+--------------+-----------------------+------------------------+-----------------+--------------+
| Clock Enable | Synchronous Set/Reset | Asynchronous Set/Reset | Total Registers | Total Slices |
+--------------+-----------------------+------------------------+-----------------+--------------+
| No           | No                    | No                     |             126 |           54 |
| No           | No                    | Yes                    |              57 |           33 |
| No           | Yes                   | No                     |             120 |           47 |
| Yes          | No                    | No                     |              36 |           16 |
| Yes          | No                    | Yes                    |              16 |           16 |
| Yes          | Yes                   | No                     |              49 |           20 |
+--------------+-----------------------+------------------------+-----------------+--------------+


3. Detailed Control Set Information
-----------------------------------

+-------------------------------------+------------------------------+------------------------------------+------------------+----------------+
|             Clock Signal            |         Enable Signal        |          Set/Reset Signal          | Slice Load Count | Bel Load Count |
+-------------------------------------+------------------------------+------------------------------------+------------------+----------------+
|  timeCounter/hr_reg[0]_LDC_i_1_n_0  |                              | timeCounter/hr_reg[0]_LDC_i_2_n_0  |                1 |              1 |
|  timeCounter/hr_reg[1]_LDC_i_1_n_0  |                              | timeCounter/hr_reg[1]_LDC_i_2_n_0  |                1 |              1 |
|  timeCounter/hr_reg[2]_LDC_i_1_n_0  |                              | timeCounter/hr_reg[2]_LDC_i_2_n_0  |                1 |              1 |
|  timeCounter/hr_reg[3]_LDC_i_1_n_0  |                              | timeCounter/hr_reg[3]_LDC_i_2_n_0  |                1 |              1 |
|  timeCounter/hr_reg[4]_LDC_i_1_n_0  |                              | timeCounter/hr_reg[4]_LDC_i_2_n_0  |                1 |              1 |
|  timeCounter/hr_reg[5]_LDC_i_1_n_0  |                              | timeCounter/hr_reg[5]_LDC_i_2_n_0  |                1 |              1 |
|  timeCounter/hr_reg[6]_LDC_i_1_n_0  |                              | timeCounter/hr_reg[6]_LDC_i_2_n_0  |                1 |              1 |
|  timeCounter/hr_reg[7]_LDC_i_1_n_0  |                              | timeCounter/hr_reg[7]_LDC_i_2_n_0  |                1 |              1 |
|  timeCounter/min_reg[0]_LDC_i_1_n_0 |                              | timeCounter/min_reg[0]_LDC_i_2_n_0 |                1 |              1 |
|  timeCounter/min_reg[1]_LDC_i_1_n_0 |                              | timeCounter/min_reg[1]_LDC_i_2_n_0 |                1 |              1 |
|  timeCounter/min_reg[2]_LDC_i_1_n_0 |                              | timeCounter/min_reg[2]_LDC_i_2_n_0 |                1 |              1 |
|  timeCounter/min_reg[3]_LDC_i_1_n_0 |                              | timeCounter/min_reg[3]_LDC_i_2_n_0 |                1 |              1 |
|  timeCounter/min_reg[4]_LDC_i_1_n_0 |                              | timeCounter/min_reg[4]_LDC_i_2_n_0 |                1 |              1 |
|  timeCounter/min_reg[5]_LDC_i_1_n_0 |                              | timeCounter/min_reg[5]_LDC_i_2_n_0 |                1 |              1 |
|  timeCounter/min_reg[6]_LDC_i_1_n_0 |                              | timeCounter/min_reg[6]_LDC_i_2_n_0 |                1 |              1 |
|  timeCounter/min_reg[7]_LDC_i_1_n_0 |                              | timeCounter/min_reg[7]_LDC_i_2_n_0 |                1 |              1 |
|  seconds_clk_BUFG                   |                              | timeCounter/min_reg[2]_LDC_i_2_n_0 |                1 |              1 |
|  seconds_clk_BUFG                   |                              | timeCounter/min_reg[3]_LDC_i_2_n_0 |                1 |              1 |
|  seconds_clk_BUFG                   |                              | timeCounter/min_reg[4]_LDC_i_2_n_0 |                1 |              1 |
|  seconds_clk_BUFG                   |                              | timeCounter/min_reg[5]_LDC_i_2_n_0 |                1 |              1 |
|  seconds_clk_BUFG                   |                              | timeCounter/min_reg[6]_LDC_i_2_n_0 |                1 |              1 |
|  seconds_clk_BUFG                   |                              | timeCounter/min_reg[7]_LDC_i_2_n_0 |                1 |              1 |
|  seconds_clk_BUFG                   | timeCounter/hr[7]_P_i_1_n_0  | timeCounter/hr_reg[0]_LDC_i_1_n_0  |                1 |              1 |
|  seconds_clk_BUFG                   | timeCounter/hr[7]_P_i_1_n_0  | timeCounter/hr_reg[1]_LDC_i_1_n_0  |                1 |              1 |
|  seconds_clk_BUFG                   | timeCounter/hr[7]_P_i_1_n_0  | timeCounter/hr_reg[2]_LDC_i_1_n_0  |                1 |              1 |
|  seconds_clk_BUFG                   | timeCounter/hr[7]_P_i_1_n_0  | timeCounter/hr_reg[3]_LDC_i_1_n_0  |                1 |              1 |
|  seconds_clk_BUFG                   | timeCounter/hr[7]_P_i_1_n_0  | timeCounter/hr_reg[4]_LDC_i_1_n_0  |                1 |              1 |
|  seconds_clk_BUFG                   | timeCounter/hr[7]_P_i_1_n_0  | timeCounter/hr_reg[5]_LDC_i_1_n_0  |                1 |              1 |
|  seconds_clk_BUFG                   | timeCounter/hr[7]_P_i_1_n_0  | timeCounter/hr_reg[7]_LDC_i_1_n_0  |                1 |              1 |
|  seconds_clk_BUFG                   |                              | timeCounter/hr_reg[4]_LDC_i_2_n_0  |                1 |              1 |
|  seconds_clk_BUFG                   | timeCounter/min[7]_P_i_1_n_0 | timeCounter/min_reg[0]_LDC_i_1_n_0 |                1 |              1 |
|  seconds_clk_BUFG                   | timeCounter/min[7]_P_i_1_n_0 | timeCounter/min_reg[1]_LDC_i_1_n_0 |                1 |              1 |
|  seconds_clk_BUFG                   | timeCounter/min[7]_P_i_1_n_0 | timeCounter/min_reg[2]_LDC_i_1_n_0 |                1 |              1 |
|  seconds_clk_BUFG                   | timeCounter/min[7]_P_i_1_n_0 | timeCounter/min_reg[3]_LDC_i_1_n_0 |                1 |              1 |
|  seconds_clk_BUFG                   | timeCounter/min[7]_P_i_1_n_0 | timeCounter/min_reg[4]_LDC_i_1_n_0 |                1 |              1 |
|  seconds_clk_BUFG                   | timeCounter/min[7]_P_i_1_n_0 | timeCounter/min_reg[5]_LDC_i_1_n_0 |                1 |              1 |
|  seconds_clk_BUFG                   | timeCounter/min[7]_P_i_1_n_0 | timeCounter/min_reg[6]_LDC_i_1_n_0 |                1 |              1 |
|  seconds_clk_BUFG                   | timeCounter/min[7]_P_i_1_n_0 | timeCounter/min_reg[7]_LDC_i_1_n_0 |                1 |              1 |
|  seconds_clk_BUFG                   | timeCounter/hr[7]_P_i_1_n_0  | timeCounter/hr_reg[6]_LDC_i_1_n_0  |                1 |              1 |
|  digit_refclk_BUFG                  | sevenSeg/dp_i_1_n_0          |                                    |                1 |              1 |
|  seconds_clk_BUFG                   |                              | timeCounter/hr_reg[0]_LDC_i_2_n_0  |                1 |              1 |
|  seconds_clk_BUFG                   |                              | timeCounter/hr_reg[1]_LDC_i_2_n_0  |                1 |              1 |
|  seconds_clk_BUFG                   |                              | timeCounter/hr_reg[2]_LDC_i_2_n_0  |                1 |              1 |
|  seconds_clk_BUFG                   |                              | timeCounter/hr_reg[3]_LDC_i_2_n_0  |                1 |              1 |
|  seconds_clk_BUFG                   |                              | timeCounter/hr_reg[5]_LDC_i_2_n_0  |                1 |              1 |
|  seconds_clk_BUFG                   |                              | timeCounter/hr_reg[6]_LDC_i_2_n_0  |                1 |              1 |
|  seconds_clk_BUFG                   |                              | timeCounter/hr_reg[7]_LDC_i_2_n_0  |                1 |              1 |
|  seconds_clk_BUFG                   |                              | timeCounter/min_reg[0]_LDC_i_2_n_0 |                1 |              1 |
|  seconds_clk_BUFG                   |                              | timeCounter/min_reg[1]_LDC_i_2_n_0 |                1 |              1 |
|  clk_IBUF_BUFG                      | timeCounter/uhr[4]_i_2_n_0   | timeCounter/uhr0_in[0]             |                2 |              4 |
|  clk_IBUF_BUFG                      | dbbtnR/E[0]                  | timeCounter/uhr0_in[3]             |                2 |              4 |
|  clk_IBUF_BUFG                      | downtimer/bhr[4]_i_2_n_0     | downtimer/bhr0_in[4]               |                1 |              4 |
|  clk_IBUF_BUFG                      | downtimer/bhr[7]_i_2_n_0     | downtimer/bhr0_in[5]               |                2 |              4 |
|  clk_IBUF_BUFG                      | downtimer/bmin[4]_i_2_n_0    | downtimer/bmin0_in[4]              |                1 |              4 |
|  clk_IBUF_BUFG                      | downtimer/dhr[4]_i_2_n_0     | downtimer/dhr0_in[4]               |                1 |              4 |
|  clk_IBUF_BUFG                      | downtimer/dhr[7]_i_2_n_0     | downtimer/dhr0_in[5]               |                2 |              4 |
|  clk_IBUF_BUFG                      | downtimer/dmin[4]_i_2_n_0    | downtimer/dmin0_in[4]              |                1 |              4 |
|  clk_IBUF_BUFG                      | downtimer/dmin[7]_i_2_n_0    | downtimer/dmin0_in[5]              |                2 |              4 |
|  digit_refclk_BUFG                  |                              | timeCounter/JC_reg[3]_5            |                2 |              4 |
|  clk_IBUF_BUFG                      | downtimer/bmin[7]_i_2_n_0    | downtimer/bmin0_in[5]              |                2 |              4 |
|  digit_refclk_BUFG                  | sw_IBUF[1]                   |                                    |                2 |              4 |
|  digit_refclk_BUFG                  | sevenSeg/anm[3]_i_2_n_0      | sevenSeg/p_0_in                    |                2 |              4 |
|  clk_IBUF_BUFG                      | timeCounter/umin[5]_i_2_n_0  | timeCounter/umin0_in[5]            |                2 |              5 |
|  digit_refclk_BUFG                  | sevenSeg/segm[6]_i_1_n_0     |                                    |                4 |              7 |
|  clk_IBUF_BUFG                      |                              | downtimer/downtime                 |                2 |              8 |
|  clk_IBUF_BUFG                      | ledpwm/bright[7]_i_1_n_0     |                                    |                3 |              8 |
|  clk_IBUF_BUFG                      | ledpwm/count[31]_i_1_n_0     |                                    |                3 |              8 |
|  clk_IBUF_BUFG                      | ledpwm/dim                   |                                    |                3 |              8 |
|  seconds_clk_BUFG                   |                              | sw_IBUF[13]                        |                2 |              8 |
|  clk_IBUF_BUFG                      |                              | ledpwm/p_0_in                      |                5 |             10 |
|  clk_IBUF_BUFG                      |                              | ledpwm/JA[7]_i_1_n_0               |                6 |             20 |
|  clk_IBUF_BUFG                      |                              | ledpwm/count[31]_i_1_n_0           |                8 |             31 |
|  clk_IBUF_BUFG                      |                              | refTimer/freq                      |                8 |             31 |
|  clk_IBUF_BUFG                      |                              | sw_IBUF[13]                        |               15 |             33 |
|  digit_refclk_BUFG                  |                              |                                    |               26 |             44 |
|  clk_IBUF_BUFG                      |                              |                                    |               28 |             82 |
+-------------------------------------+------------------------------+------------------------------------+------------------+----------------+


